// Jest Snapshot v1, https://goo.gl/fbAQLP

exports[`Pruebas en GifItem La p√°gina hace match con el snapshot 1`] = `
<div>
  <div
    class="card"
  >
    <img
      alt="BreakingBad"
      src="https://www.gif.com/"
    />
    <p>
      BreakingBad
    </p>
  </div>
</div>
`;
